Orientation: 0
WritingDirection: 0
TextlineOrder: 2
Deskew angle: -0.0001
