Orientation: 2
WritingDirection: 0
TextlineOrder: 2
Deskew angle: -0.0030
