Orientation: 3
WritingDirection: 0
TextlineOrder: 2
Deskew angle: 0.0037
